08-23 17:36:35 目标 76 场
08-23 17:36:46   08-23 21:00 英超 | Brighton and Hove Albion vs Aston Villa | ok->209541.json
08-23 17:36:57   08-23 21:00 英超 | Manchester City vs Bournemouth | ok->209542.json
  HTTP 403: {"detail":"Per-bookmaker odds require Football Unlimited. Use /api/v2/odds/ for the consensus price. See https://sports.bzzoiro.com/pricing/","code":"bookmakers
08-23 17:37:06   08-23 23:30 英超 | Newcastle United vs Liverpool | ok->209543.json
  HTTP 403: {"detail":"Per-bookmaker odds require Football Unlimited. Use /api/v2/odds/ for the consensus price. See https://sports.bzzoiro.com/pricing/","code":"bookmakers
08-23 17:37:17   08-23 23:00 西甲 | Atlético Madrid vs Villarreal | ok->213531.json
  HTTP 403: {"detail":"Per-bookmaker odds require Football Unlimited. Use /api/v2/odds/ for the consensus price. See https://sports.bzzoiro.com/pricing/","code":"bookmakers
08-23 17:37:25   08-24 01:30 西甲 | Getafe vs Real Racing Club de Santander | ok->213534.json
08-23 17:37:37   08-24 03:30 西甲 | Elche CF vs Barcelona | ok->213532.json
08-23 17:37:44   08-24 00:30 意甲 | Frosinone vs Juventus | ok->210060.json
08-23 17:37:53   08-24 00:30 意甲 | Venezia vs Lecce | ok->210066.json
08-23 17:38:03   08-24 02:45 意甲 | Torino vs AC Milan | ok->210064.json
08-23 17:38:13   08-24 02:45 意甲 | Atalanta BC vs Sassuolo | ok->210058.json
  HTTP 403: {"detail":"Per-bookmaker odds require Football Unlimited. Use /api/v2/odds/ for the consensus price. See https://sports.bzzoiro.com/pricing/","code":"bookmakers
08-23 17:38:21   08-23 21:00 法甲 | Angers vs Lille | ok->210437.json
08-23 17:38:29   08-23 23:15 法甲 | Le Havre vs AS Monaco | ok->210438.json
  HTTP 403: {"detail":"Per-bookmaker odds require Football Unlimited. Use /api/v2/odds/ for the consensus price. See https://sports.bzzoiro.com/pricing/","code":"bookmakers
08-23 17:38:37   08-24 03:00 巴甲 | Vitoria vs Bahia | ok->7233.json
  HTTP 403: {"detail":"Per-bookmaker odds require Football Unlimited. Use /api/v2/odds/ for the consensus price. See https://sports.bzzoiro.com/pricing/","code":"bookmakers
08-23 17:38:45   08-24 03:00 巴甲 | Bragantino-SP vs Grêmio | ok->7231.json
  HTTP 403: {"detail":"Per-bookmaker odds require Football Unlimited. Use /api/v2/odds/ for the consensus price. See https://sports.bzzoiro.com/pricing/","code":"bookmakers
08-23 17:38:52   08-24 03:00 巴甲 | Palmeiras vs Vasco da Gama | ok->7230.json
08-23 17:39:00   08-24 05:30 巴甲 | Chapecoense vs Sao Paulo | ok->7225.json
08-23 17:39:08   08-24 05:30 巴甲 | Santos vs Mirassol | ok->7232.json
08-23 17:39:14   08-24 06:30 巴甲 | Coritiba vs Corinthians | ok->7226.json
  HTTP 403: {"detail":"Per-bookmaker odds require Football Unlimited. Use /api/v2/odds/ for the consensus price. See https://sports.bzzoiro.com/pricing/","code":"bookmakers
08-23 17:39:23   08-24 01:45 阿甲 | Barracas Central vs Platense | ok->223598.json
  HTTP 403: {"detail":"Per-bookmaker odds require Football Unlimited. Use /api/v2/odds/ for the consensus price. See https://sports.bzzoiro.com/pricing/","code":"bookmakers
08-23 17:39:42   08-24 01:45 阿甲 | Sarmiento de Junin vs Estudiantes | ok->223609.json
08-23 17:39:54   08-24 06:15 阿甲 | River Plate vs Velez Sarsfield BA | ok->223608.json
  HTTP 403: {"detail":"Per-bookmaker odds require Football Unlimited. Use /api/v2/odds/ for the consensus price. See https://sports.bzzoiro.com/pricing/","code":"bookmakers
08-23 17:40:02   08-24 08:30 阿甲 | Racing Club vs Boca Juniors | ok->223607.json
  HTTP 403: {"detail":"Per-bookmaker odds require Football Unlimited. Use /api/v2/odds/ for the consensus price. See https://sports.bzzoiro.com/pricing/","code":"bookmakers
08-23 17:40:10   08-24 04:30 美职 | New England Revolution vs New York City FC | ok->5227.json
08-23 17:40:18   08-24 07:00 美职 | Atlanta United FC vs Sporting Kansas City | ok->5228.json
  HTTP 403: {"detail":"Per-bookmaker odds require Football Unlimited. Use /api/v2/odds/ for the consensus price. See https://sports.bzzoiro.com/pricing/","code":"bookmakers
08-23 17:40:27   08-24 07:00 墨超 | Atlético San Luis vs Pachuca | ok->211541.json
08-23 17:40:41   08-24 09:00 墨超 | Pumas vs Necaxa | ok->211542.json
  HTTP 403: {"detail":"Per-bookmaker odds require Football Unlimited. Use /api/v2/odds/ for the consensus price. See https://sports.bzzoiro.com/pricing/","code":"bookmakers
08-23 17:40:50   08-23 22:30 葡超 | Vitória SC vs Nacional | ok->215517.json
  HTTP 403: {"detail":"Per-bookmaker odds require Football Unlimited. Use /api/v2/odds/ for the consensus price. See https://sports.bzzoiro.com/pricing/","code":"bookmakers
08-23 17:40:57   08-24 01:00 葡超 | Santa Clara vs Famalicão | ok->215515.json
  HTTP 403: {"detail":"Per-bookmaker odds require Football Unlimited. Use /api/v2/odds/ for the consensus price. See https://sports.bzzoiro.com/pricing/","code":"bookmakers
08-23 17:41:07   08-24 03:30 葡超 | FC Porto vs Arouca | ok->215512.json
  HTTP 403: {"detail":"Per-bookmaker odds require Football Unlimited. Use /api/v2/odds/ for the consensus price. See https://sports.bzzoiro.com/pricing/","code":"bookmakers
08-23 17:41:15   08-23 19:00 英冠 | West Bromwich Albion vs Burnley | ok->213997.json
  HTTP 403: {"detail":"Per-bookmaker odds require Football Unlimited. Use /api/v2/odds/ for the consensus price. See https://sports.bzzoiro.com/pricing/","code":"bookmakers
08-23 17:41:22   08-23 23:00 西乙 | SD Eibar vs Real Valladolid CF | ok->214784.json
  HTTP 403: {"detail":"Per-bookmaker odds require Football Unlimited. Use /api/v2/odds/ for the consensus price. See https://sports.bzzoiro.com/pricing/","code":"bookmakers
08-23 17:41:30   08-23 18:15 荷甲 | Go Ahead Eagles vs ADO Den Haag | ok->210821.json
  HTTP 403: {"detail":"Per-bookmaker odds require Football Unlimited. Use /api/v2/odds/ for the consensus price. See https://sports.bzzoiro.com/pricing/","code":"bookmakers
08-23 17:41:39   08-23 20:30 荷甲 | PSV Eindhoven vs Groningen | ok->210822.json
  HTTP 403: {"detail":"Per-bookmaker odds require Football Unlimited. Use /api/v2/odds/ for the consensus price. See https://sports.bzzoiro.com/pricing/","code":"bookmakers
08-23 17:41:46   08-23 22:45 荷甲 | SC Cambuur vs Feyenoord | ok->210823.json
08-23 17:41:53   08-23 18:30 J1 | FC Machida Zelvia vs Urawa Red Diamonds | ok->212213.json
  HTTP 403: {"detail":"Per-bookmaker odds require Football Unlimited. Use /api/v2/odds/ for the consensus price. See https://sports.bzzoiro.com/pricing/","code":"bookmakers
08-23 17:42:03   08-23 19:00 中超 | Liaoning Tieren FC vs Henan FC | ok->205874.json
  HTTP 403: {"detail":"Per-bookmaker odds require Football Unlimited. Use /api/v2/odds/ for the consensus price. See https://sports.bzzoiro.com/pricing/","code":"bookmakers
08-23 17:42:13   08-23 20:00 中超 | Chongqing Tonglianglong FC vs Dalian Yingbo | ok->205876.json
  HTTP 403: {"detail":"Per-bookmaker odds require Football Unlimited. Use /api/v2/odds/ for the consensus price. See https://sports.bzzoiro.com/pricing/","code":"bookmakers
08-23 17:42:21   08-24 00:30 比甲 | Club Brugge vs Cercle Brugge KSV | ok->211328.json
  HTTP 403: {"detail":"Per-bookmaker odds require Football Unlimited. Use /api/v2/odds/ for the consensus price. See https://sports.bzzoiro.com/pricing/","code":"bookmakers
08-23 17:42:28   08-23 20:00 瑞超 | IFK Goteborg vs IF Elfsborg | ok->46443.json
  HTTP 403: {"detail":"Per-bookmaker odds require Football Unlimited. Use /api/v2/odds/ for the consensus price. See https://sports.bzzoiro.com/pricing/","code":"bookmakers
08-23 17:42:37   08-23 20:00 瑞超 | Västerås SK vs Kalmar FF | ok->46446.json
  HTTP 403: {"detail":"Per-bookmaker odds require Football Unlimited. Use /api/v2/odds/ for the consensus price. See https://sports.bzzoiro.com/pricing/","code":"bookmakers
08-23 17:42:43   08-23 22:30 瑞超 | IF Brommapojkarna vs Degerfors IF | ok->46442.json
  HTTP 403: {"detail":"Per-bookmaker odds require Football Unlimited. Use /api/v2/odds/ for the consensus price. See https://sports.bzzoiro.com/pricing/","code":"bookmakers
08-23 17:42:50   08-23 22:30 瑞超 | Hammarby IF vs GAIS | ok->46441.json
  HTTP 403: {"detail":"Per-bookmaker odds require Football Unlimited. Use /api/v2/odds/ for the consensus price. See https://sports.bzzoiro.com/pricing/","code":"bookmakers
08-23 17:42:58   08-24 00:00 土超 | Trabzonspor vs Basaksehir | ok->215967.json
  HTTP 403: {"detail":"Per-bookmaker odds require Football Unlimited. Use /api/v2/odds/ for the consensus price. See https://sports.bzzoiro.com/pricing/","code":"bookmakers
08-23 17:43:06   08-24 00:00 土超 | Eyüpspor vs Gazişehir Gaziantep | ok->215963.json
  HTTP 403: {"detail":"Per-bookmaker odds require Football Unlimited. Use /api/v2/odds/ for the consensus price. See https://sports.bzzoiro.com/pricing/","code":"bookmakers
08-23 17:43:15   08-24 02:30 土超 | Alanyaspor vs Besiktas JK | ok->215961.json
  HTTP 403: {"detail":"Per-bookmaker odds require Football Unlimited. Use /api/v2/odds/ for the consensus price. See https://sports.bzzoiro.com/pricing/","code":"bookmakers
08-23 17:43:24   08-23 18:00 丹超 | SonderjyskE vs FC Nordsjaelland | ok->221499.json
  HTTP 403: {"detail":"Per-bookmaker odds require Football Unlimited. Use /api/v2/odds/ for the consensus price. See https://sports.bzzoiro.com/pricing/","code":"bookmakers
08-23 17:43:34   08-23 20:00 丹超 | AGF Aarhus vs OB Odense BK | ok->221498.json
  HTTP 403: {"detail":"Per-bookmaker odds require Football Unlimited. Use /api/v2/odds/ for the consensus price. See https://sports.bzzoiro.com/pricing/","code":"bookmakers
08-23 17:43:40   08-23 20:00 丹超 | FC Midtjylland vs Randers FC | ok->221500.json
  HTTP 403: {"detail":"Per-bookmaker odds require Football Unlimited. Use /api/v2/odds/ for the consensus price. See https://sports.bzzoiro.com/pricing/","code":"bookmakers
08-23 17:43:50   08-23 22:00 丹超 | AC Horsens vs Lyngby | ok->221501.json
  HTTP 403: {"detail":"Per-bookmaker odds require Football Unlimited. Use /api/v2/odds/ for the consensus price. See https://sports.bzzoiro.com/pricing/","code":"bookmakers
08-23 17:43:57   08-24 00:00 丹超 | Viborg FF vs FC Copenhagen | ok->221502.json
  HTTP 403: {"detail":"Per-bookmaker odds require Football Unlimited. Use /api/v2/odds/ for the consensus price. See https://sports.bzzoiro.com/pricing/","code":"bookmakers
08-23 17:44:07   08-24 02:30 土超 | Goztepe vs Genclerbirligi SK | ok->215965.json
  HTTP 403: {"detail":"Per-bookmaker odds require Football Unlimited. Use /api/v2/odds/ for the consensus price. See https://sports.bzzoiro.com/pricing/","code":"bookmakers
08-23 17:44:17   08-24 01:00 西乙 | Sporting Gijón vs Burgos CF | ok->214787.json
08-23 17:44:30   08-24 01:00 西乙 | CD Castellón vs Sabadell FC | ok->214779.json
08-23 17:44:38   08-24 03:30 西乙 | Tenerife vs Almería | ok->214781.json
  HTTP 403: {"detail":"Per-bookmaker odds require Football Unlimited. Use /api/v2/odds/ for the consensus price. See https://sports.bzzoiro.com/pricing/","code":"bookmakers
08-23 17:44:51   08-23 22:00 比甲 | Lommel SK vs Westerlo | ok->211327.json
  HTTP 403: {"detail":"Per-bookmaker odds require Football Unlimited. Use /api/v2/odds/ for the consensus price. See https://sports.bzzoiro.com/pricing/","code":"bookmakers
08-23 17:44:58   08-23 20:45 波甲 | Radomiak Radom vs Zagłębie Lubin | ok->211875.json
  HTTP 403: {"detail":"Per-bookmaker odds require Football Unlimited. Use /api/v2/odds/ for the consensus price. See https://sports.bzzoiro.com/pricing/","code":"bookmakers
08-23 17:45:06   08-23 23:30 波甲 | GKS Katowice vs Wisła Płock | ok->211870.json
  HTTP 403: {"detail":"Per-bookmaker odds require Football Unlimited. Use /api/v2/odds/ for the consensus price. See https://sports.bzzoiro.com/pricing/","code":"bookmakers
08-23 17:45:17   08-24 02:15 波甲 | Pogoń Szczecin vs Wisła Kraków | ok->211874.json
  HTTP 403: {"detail":"Per-bookmaker odds require Football Unlimited. Use /api/v2/odds/ for the consensus price. See https://sports.bzzoiro.com/pricing/","code":"bookmakers
08-23 17:45:26   08-23 20:00 芬超 | HJK Helsinki vs IF Gnistan | ok->207303.json
  HTTP 403: {"detail":"Per-bookmaker odds require Football Unlimited. Use /api/v2/odds/ for the consensus price. See https://sports.bzzoiro.com/pricing/","code":"bookmakers
08-23 17:45:33   08-23 19:00 德国杯 | SSV Jeddeloh vs 1. FC Heidenheim | ok->212157.json
  HTTP 403: {"detail":"Per-bookmaker odds require Football Unlimited. Use /api/v2/odds/ for the consensus price. See https://sports.bzzoiro.com/pricing/","code":"bookmakers
08-23 17:45:43   08-23 19:00 德国杯 | Greuther Fürth vs VfL Bochum | ok->212158.json
  HTTP 403: {"detail":"Per-bookmaker odds require Football Unlimited. Use /api/v2/odds/ for the consensus price. See https://sports.bzzoiro.com/pricing/","code":"bookmakers
08-23 17:45:52   08-23 21:30 德国杯 | Bahlinger SC vs 1. FC Magdeburg | ok->212169.json
  HTTP 403: {"detail":"Per-bookmaker odds require Football Unlimited. Use /api/v2/odds/ for the consensus price. See https://sports.bzzoiro.com/pricing/","code":"bookmakers
08-23 17:46:04   08-23 21:30 德国杯 | Westfalia Rhynern vs Dynamo Dresden | ok->212170.json
  HTTP 403: {"detail":"Per-bookmaker odds require Football Unlimited. Use /api/v2/odds/ for the consensus price. See https://sports.bzzoiro.com/pricing/","code":"bookmakers
08-23 17:46:12   08-23 21:30 德国杯 | Eintracht Braunschweig vs Union Berlin | ok->212146.json
  HTTP 403: {"detail":"Per-bookmaker odds require Football Unlimited. Use /api/v2/odds/ for the consensus price. See https://sports.bzzoiro.com/pricing/","code":"bookmakers
08-23 17:46:20   08-23 21:30 德国杯 | FC Carl Zeiss Jena vs SV Darmstadt 98 | ok->212161.json
  HTTP 403: {"detail":"Per-bookmaker odds require Football Unlimited. Use /api/v2/odds/ for the consensus price. See https://sports.bzzoiro.com/pricing/","code":"bookmakers
08-23 17:46:28   08-24 00:00 德国杯 | 1. FC Phönix Lübeck vs SC Paderborn | ok->212164.json
  HTTP 403: {"detail":"Per-bookmaker odds require Football Unlimited. Use /api/v2/odds/ for the consensus price. See https://sports.bzzoiro.com/pricing/","code":"bookmakers
08-23 17:46:37   08-24 00:00 德国杯 | Rot-Weiss Essen vs FC St. Pauli | ok->212151.json
  HTTP 403: {"detail":"Per-bookmaker odds require Football Unlimited. Use /api/v2/odds/ for the consensus price. See https://sports.bzzoiro.com/pricing/","code":"bookmakers
08-23 17:46:45   08-24 00:00 德国杯 | Fortuna Düsseldorf vs SC Freiburg | ok->212145.json
  HTTP 403: {"detail":"Per-bookmaker odds require Football Unlimited. Use /api/v2/odds/ for the consensus price. See https://sports.bzzoiro.com/pricing/","code":"bookmakers
08-23 17:46:56   08-24 03:00 巴乙 | Ponte Preta vs Avai | ok->10091.json
  HTTP 403: {"detail":"Per-bookmaker odds require Football Unlimited. Use /api/v2/odds/ for the consensus price. See https://sports.bzzoiro.com/pricing/","code":"bookmakers
08-23 17:47:09   08-24 03:00 巴乙 | São Bernardo vs Nautico PE | ok->10093.json
  HTTP 403: {"detail":"Per-bookmaker odds require Football Unlimited. Use /api/v2/odds/ for the consensus price. See https://sports.bzzoiro.com/pricing/","code":"bookmakers
08-23 17:47:21   08-24 05:00 巴乙 | Operario PR vs Vila Nova | ok->10090.json
  HTTP 403: {"detail":"Per-bookmaker odds require Football Unlimited. Use /api/v2/odds/ for the consensus price. See https://sports.bzzoiro.com/pricing/","code":"bookmakers
08-23 17:47:35   08-24 05:30 巴乙 | Criciuma vs Fortaleza | ok->10087.json
  HTTP 403: {"detail":"Per-bookmaker odds require Football Unlimited. Use /api/v2/odds/ for the consensus price. See https://sports.bzzoiro.com/pricing/","code":"bookmakers
08-23 17:47:48   08-24 02:00 希腊超 | PAOK Thessaloniki vs Levadiakos | ok->219743.json
  HTTP 403: {"detail":"Per-bookmaker odds require Football Unlimited. Use /api/v2/odds/ for the consensus price. See https://sports.bzzoiro.com/pricing/","code":"bookmakers
08-23 17:48:00   08-23 18:30 K联赛 | Daejeon Citizen vs Gangwon FC | ok->205134.json
  HTTP 403: {"detail":"Per-bookmaker odds require Football Unlimited. Use /api/v2/odds/ for the consensus price. See https://sports.bzzoiro.com/pricing/","code":"bookmakers
08-23 17:48:12   08-23 18:30 K联赛 | Gwangju FC vs Incheon United | ok->205135.json
  HTTP 403: {"detail":"Per-bookmaker odds require Football Unlimited. Use /api/v2/odds/ for the consensus price. See https://sports.bzzoiro.com/pricing/","code":"bookmakers
08-23 17:48:22   08-23 20:00 瑞士超 | BSC Young Boys vs FC Vaduz | ok->211387.json
08-23 17:48:23 完成: 新拉 76 | 已有跳过 0 | 失败 0 | 输出目录 D:\足球分析\analysis_records\match_package
