scan24h 场次: 82
窗口内事件: 100
08-23 18:00 丹超   SonderjyskE vs FC Nordsjaelland | λ1.69/0.83 | 方向[让球主(+0.8) ⛔否决] | BEST[-无正EV-] 风险:纯数据无伤病情报,小球2.50高EV反向标记(+34%),模型与市场分歧>20pp(模型82% vs 市场51%)->否决
08-23 18:00 俄超   FC Akron Tolyatti vs Kryliya Sovetov | λ1.30/1.50 | 方向[让球主(+0.2)  ⚠预警28%] | BEST[-无正EV-] 风险:纯数据无伤病情报,非独立数据,队名/数据缺失,平局预警(市场去水平局>=26%),平局预警→让球只用+号(受让方)
08-23 18:15 荷甲   Go Ahead Eagles vs ADO Den Haag | λ1.75/1.19 | 方向[大2.50 ] | BEST[小2.50 44% EV+7.7% ★1] 风险:纯数据无伤病情报
08-23 18:30 J1   FC Machida Zelvia vs Urawa Red Diamonds | λ1.51/1.51 | 方向[让球客(+0.5)  ⚠预警27%] | BEST[让球客(+0.5) 62% EV+27.2% ★2] 风险:纯数据无伤病情报,平局预警(市场去水平局>=26%),平局预警→让球只用+号(受让方),联赛J1历史负ROI(观察期, 300场后定禁入)
08-23 18:30 K联赛  Daejeon Citizen vs Gangwon FC | λ1.24/1.30 | 方向[让球客(+0.2)  ⚠预警30%] | BEST[让球客(+0.2) 65% EV+16.6% ★1] 风险:纯数据无伤病情报,平局预警(市场去水平局>=26%),平局预警→让球只用+号(受让方),让球客标准档降星
08-23 18:30 K联赛  Gwangju FC vs Incheon United | λ0.81/1.92 | 方向[大2.50  ⚠预警28%] | BEST[大2.50 51% EV+24.6% ★1] 风险:纯数据无伤病情报,平局预警(市场去水平局>=26%),平局预警→让球只用+号(受让方),整球盘2.50遇预警降星
08-23 19:00 英冠   West Bromwich Albion vs Burnley | λ0.88/1.06 | 方向[让球客(-0.0)  ⚠预警29%] | BEST[让球客(-0.0) 55% EV+13.0% ★1] 风险:纯数据无伤病情报,平局预警(市场去水平局>=26%),小球2.50高EV反向标记(+23%),让球客标准档降星
08-23 19:00 中超   Liaoning Tieren FC vs Henan FC | λ1.41/0.82 | 方向[让球主(+0.2) ⛔否决 ⚠预警26%] | BEST[-无正EV-] 风险:纯数据无伤病情报,联赛基准偏差(λ已平移),平局预警(市场去水平局>=26%),平局预警→让球只用+号(受让方),小球2.50高EV反向标记(+43%),模型与市场分歧>20pp(模型79% vs 市场54%)->否决
08-23 19:00 德国杯  SSV Jeddeloh vs 1. FC Heidenheim | λ1.90/1.20 | 方向[小4.50 ⛔否决] | BEST[-无正EV-] 风险:纯数据无伤病情报,缺亚盘,模型与市场分歧>20pp(模型80% vs 市场48%)->否决
08-23 19:00 德国杯  Greuther Fürth vs VfL Bochum | λ1.54/1.07 | 方向[小2.50  ⚠预警28%] | BEST[小2.50 52% EV+9.6% ★1] 风险:纯数据无伤病情报,缺亚盘,平局预警(市场去水平局>=26%),整球盘2.50遇预警降星
08-23 19:00 瑞甲   IK Oddevold vs Helsingborgs IF | λ1.67/1.27 | 方向[大2.50  ⚠预警26%] | BEST[-无正EV-] 风险:纯数据无伤病情报,非独立数据,队名/数据缺失,平局预警(市场去水平局>=26%),平局预警→让球只用+号(受让方)
08-23 19:35 中超   Shanghai SIPG FC vs Qingdao Hainiu FC | λ2.27/1.12 | 方向[大2.50 ] | BEST[让球客(+1.8) 59% EV+9.8% ★1] 风险:纯数据无伤病情报,联赛基准偏差(λ已平移),让球客标准档降星
08-23 20:00 中超   Chongqing Tonglianglong FC vs Dalian Yingbo | λ2.22/0.95 | 方向[大2.50  ⚠预警28%] | BEST[大2.50 61% EV+23.7% ★1] 风险:纯数据无伤病情报,联赛基准偏差(λ已平移),平局预警(市场去水平局>=26%),平局预警→让球只用+号(受让方),整球盘2.50遇预警降星
08-23 20:00 瑞超   IFK Goteborg vs IF Elfsborg | λ0.80/0.86 | 方向[小2.50 ⛔否决 ⚠预警28%] | BEST[-无正EV-] 风险:纯数据无伤病情报,伤停>2人(主3/客2),平局预警(市场去水平局>=26%),小球2.50高EV反向标记(+38%),模型与市场分歧>20pp(模型77% vs 市场46%)->否决
08-23 20:00 瑞超   Västerås SK vs Kalmar FF | λ2.75/0.82 | 方向[让球主(+0.0) ⛔否决 ⚠预警28%] | BEST[-无正EV-] 风险:纯数据无伤病情报,平局预警(市场去水平局>=26%),模型与市场分歧>20pp(模型85% vs 市场50%)->否决
08-23 20:00 丹超   AGF Aarhus vs OB Odense BK | λ1.46/0.84 | 方向[小2.50 ] | BEST[小2.50 60% EV+42.3% ★2] 风险:纯数据无伤病情报,伤停>2人(主4/客1),小球2.50高EV反向标记(+42%)
08-23 20:00 丹超   FC Midtjylland vs Randers FC | λ1.88/0.85 | 方向[让球客(+1.2) ] | BEST[让球客(+1.2) 63% EV+20.4% ★2] 风险:纯数据无伤病情报,伤停>2人(主3/客4)
08-23 20:00 芬超   HJK Helsinki vs IF Gnistan | λ1.30/1.30 | 方向[让球客(+1.0) ⛔否决] | BEST[-无正EV-] 风险:纯数据无伤病情报,小球2.50高EV反向标记(+23%),模型与市场分歧>20pp(模型73% vs 市场52%)->否决
08-23 20:00 芬超   KuPS Kuopio vs IFK Mariehamn | λ1.30/1.30 | 方向[让球客(+1.5) ⛔否决] | BEST[-无正EV-] 风险:纯数据无伤病情报,小球2.50高EV反向标记(+38%),模型与市场分歧>20pp(模型84% vs 市场48%)->否决
08-23 20:00 瑞士超  BSC Young Boys vs FC Vaduz | λ2.57/1.64 | 方向[大2.50 ] | BEST[让球客(+1.8) 62% EV+16.1% ★1] 风险:纯数据无伤病情报,伤停>2人(主6/客5),λ过高(4.21),让球客标准档降星
08-23 20:15 俄超   Dinamo Moscow vs Rodina Moscow | λ2.38/0.90 | 方向[大3.00 ] | BEST[-无正EV-] 风险:纯数据无伤病情报,非独立数据,队名/数据缺失
08-23 20:30 荷甲   PSV Eindhoven vs Groningen | λ3.05/0.58 | 方向[大2.50 ] | BEST[小2.50 30% EV+9.2% ★1] 风险:纯数据无伤病情报,伤停>2人(主3/客4)
08-23 20:45 波甲   Radomiak Radom vs Zagłębie Lubin | λ1.30/1.30 | 方向[让球客(+0.2)  ⚠预警29%] | BEST[让球客(+0.2) 63% EV+10.7% ★1] 风险:纯数据无伤病情报,平局预警(市场去水平局>=26%),平局预警→让球只用+号(受让方),让球客标准档降星
08-23 21:00 英超   Brighton and Hove Albion vs Aston Villa | λ1.51/1.04 | 方向[小2.50  ⚠预警27%] | BEST[小2.50 53% EV+9.7% ★1] 风险:纯数据无伤病情报,伤停>2人(主2/客3),平局预警(市场去水平局>=26%),平局预警→让球只用+号(受让方),整球盘2.50遇预警降星
08-23 21:00 英超   Manchester City vs Bournemouth | λ2.20/0.88 | 方向[大2.50 ] | BEST[让球客(+1.2) 56% EV+6.7% ★1] 风险:纯数据无伤病情报,伤停>2人(主3/客5)
08-23 21:00 法甲   Angers vs Lille | λ0.87/1.25 | 方向[小2.50 ] | BEST[小2.50 64% EV+19.5% ★1] 风险:纯数据无伤病情报,伤停>2人(主2/客3)
08-23 21:00 瑞甲   IK Brage vs Nordic United FC | λ1.57/1.53 | 方向[大2.50 ] | BEST[-无正EV-] 风险:纯数据无伤病情报,非独立数据,队名/数据缺失
08-23 21:30 德国杯  Bahlinger SC vs 1. FC Magdeburg | λ1.88/2.05 | 方向[大3.50 ] | BEST[-无正EV-] 风险:纯数据无伤病情报,缺亚盘
08-23 21:30 德国杯  Westfalia Rhynern vs Dynamo Dresden | λ1.80/1.28 | 方向[小4.50 ⛔否决] | BEST[-无正EV-] 风险:纯数据无伤病情报,缺亚盘,模型与市场分歧>20pp(模型80% vs 市场52%)->否决
08-23 21:30 德国杯  Eintracht Braunschweig vs Union Berlin | λ1.47/0.95 | 方向[小2.50 ] | BEST[小2.50 56% EV+24.9% ★1] 风险:纯数据无伤病情报,伤停>2人(主0/客3),缺亚盘,小球2.50高EV反向标记(+25%)
08-23 21:30 德国杯  FC Carl Zeiss Jena vs SV Darmstadt 98 | λ1.69/1.61 | 方向[小3.50 ] | BEST[-无正EV-] 风险:纯数据无伤病情报,缺亚盘
08-23 22:00 丹超   AC Horsens vs Lyngby | λ1.70/1.31 | 方向[让球主(+0.2) ⛔否决 ⚠预警28%] | BEST[-无正EV-] 风险:纯数据无伤病情报,平局预警(市场去水平局>=26%),平局预警→让球只用+号(受让方),模型与市场分歧>20pp(模型71% vs 市场51%)->否决
08-23 22:00 比甲   Lommel SK vs Westerlo | λ1.66/1.21 | 方向[让球主(+0.0)  ⚠预警27%] | BEST[让球主(+0.0) 60% EV+13.6% ★1] 风险:纯数据无伤病情报,伤停>2人(主3/客1),平局预警(市场去水平局>=26%)
08-23 22:00 soccer_germany_bundesliga_women RB Leipzig vs Bayer Leverkusen | λ2.01/1.61 | 方向[大2.50 ] | BEST[-无正EV-] 风险:纯数据无伤病情报
08-23 22:30 葡超   Vitória SC vs Nacional | λ1.45/0.67 | 方向[小2.50 ] | BEST[小2.50 65% EV+26.1% ★2] 风险:纯数据无伤病情报,小球2.50高EV反向标记(+26%),联赛葡超历史负ROI(观察期, 300场后定禁入)
08-23 22:30 瑞超   IF Brommapojkarna vs Degerfors IF | λ1.54/0.82 | 方向[小2.50  ⚠预警27%] | BEST[小2.50 58% EV+22.4% ★1] 风险:纯数据无伤病情报,伤停>2人(主0/客5),平局预警(市场去水平局>=26%),平局预警→让球只用+号(受让方),小球2.50高EV反向标记(+22%),整球盘2.50遇预警降星
08-23 22:30 瑞超   Hammarby IF vs GAIS | λ3.33/0.39 | 方向[让球主(-1.2) ⛔否决] | BEST[-无正EV-] 风险:纯数据无伤病情报,模型与市场分歧>20pp(模型76% vs 市场52%)->否决
08-23 22:30 俄超   FC Dynamo Makhachkala vs FC Krasnodar | λ0.90/1.43 | 方向[小2.50  ⚠预警30%] | BEST[-无正EV-] 风险:纯数据无伤病情报,非独立数据,队名/数据缺失,平局预警-强(市场去水平局>=30%),平局预警→让球只用+号(受让方)
08-23 22:45 荷甲   SC Cambuur vs Feyenoord | λ1.06/1.79 | 方向[大2.50 ] | BEST[小2.50 46% EV+26.1% ★2] 风险:纯数据无伤病情报,小球2.50高EV反向标记(+26%),联赛荷甲历史负ROI(观察期, 300场后定禁入)
08-23 23:00 西甲   Atlético Madrid vs Villarreal | λ1.87/0.98 | 方向[让球主(-0.5) ] | BEST[让球主(-0.5) 58% EV+10.4% ★1] 风险:纯数据无伤病情报,伤停>2人(主3/客1)
08-23 23:00 西乙   SD Eibar vs Real Valladolid CF | λ2.03/0.57 | 方向[小2.50  ⚠预警32%] | BEST[大2.50 48% EV+10.5% ★1] 风险:纯数据无伤病情报,平局预警-强(市场去水平局>=30%),平局预警→让球只用+号(受让方),整球盘2.50遇预警降星
08-23 23:00 芬超   TPS Turku vs FC Inter Turku | λ1.25/1.16 | 方向[小2.50 ] | BEST[小2.50 57% EV+16.3% ★2] 风险:纯数据无伤病情报
08-23 23:00 瑞甲   Norrby IF vs Sandvikens IF | λ1.57/1.48 | 方向[大2.50  ⚠预警26%] | BEST[-无正EV-] 风险:纯数据无伤病情报,非独立数据,队名/数据缺失,平局预警(市场去水平局>=26%)
08-23 23:15 法甲   Le Havre vs AS Monaco | λ1.58/1.48 | 方向[让球主(+0.5) ] | BEST[让球主(+0.5) 65% EV+23.8% ★2] 风险:纯数据无伤病情报,伤停>2人(主1/客6)
08-23 23:30 英超   Newcastle United vs Liverpool | λ1.88/1.80 | 方向[大2.50 ] | BEST[让球主(+0.5) 62% EV+24.4% ★2] 风险:纯数据无伤病情报,伤停>2人(主1/客5)
08-23 23:30 波甲   GKS Katowice vs Wisła Płock | λ1.25/1.30 | 方向[让球客(+0.5) ] | BEST[让球客(+0.5) 65% EV+20.3% ★2] 风险:纯数据无伤病情报,伤停>2人(主3/客0),小球2.50高EV反向标记(+22%)
08-24 00:00 智利甲  La Serena vs Cobresal | λ2.43/0.99 | 方向[大2.50 ] | BEST[大2.50 65% EV+13.8% ★1] 风险:纯数据无伤病情报,联赛基准偏差(λ已平移),小球校准折扣
08-24 00:00 智利甲  Deportes Concepción vs Coquimbo Unido | λ1.66/0.99 | 方向[让球主(+0.2) ⛔否决 ⚠预警29%] | BEST[-无正EV-] 风险:纯数据无伤病情报,联赛基准偏差(λ已平移),小球校准折扣,平局预警(市场去水平局>=26%),平局预警→让球只用+号(受让方),模型与市场分歧>20pp(模型78% vs 市场50%)->否决
08-24 00:00 土超   Trabzonspor vs Basaksehir | λ1.95/1.06 | 方向[大2.50  ⚠预警27%] | BEST[-无正EV-] 风险:纯数据无伤病情报,伤停>2人(主3/客0),平局预警(市场去水平局>=26%),平局预警→让球只用+号(受让方)
08-24 00:00 土超   Eyüpspor vs Gazişehir Gaziantep | λ2.58/0.74 | 方向[让球主(+0.0) ⛔否决 ⚠预警30%] | BEST[-无正EV-] 风险:纯数据无伤病情报,平局预警(市场去水平局>=26%),模型与市场分歧>20pp(模型84% vs 市场46%)->否决
08-24 00:00 丹超   Viborg FF vs FC Copenhagen | λ0.99/1.34 | 方向[小2.50 ] | BEST[小2.50 59% EV+38.4% ★2] 风险:纯数据无伤病情报,伤停>2人(主1/客3),小球2.50高EV反向标记(+38%)
08-24 00:00 德国杯  1. FC Phönix Lübeck vs SC Paderborn | λ1.24/2.41 | 方向[大4.50 ] | BEST[-无正EV-] 风险:纯数据无伤病情报,伤停>2人(主0/客3),缺亚盘
08-24 00:00 德国杯  Rot-Weiss Essen vs FC St. Pauli | λ1.59/1.24 | 方向[大2.50 ] | BEST[-无正EV-] 风险:纯数据无伤病情报,缺亚盘
08-24 00:00 德国杯  Fortuna Düsseldorf vs SC Freiburg | λ1.82/1.14 | 方向[大3.50 ] | BEST[-无正EV-] 风险:纯数据无伤病情报,缺亚盘
08-24 00:30 意甲   Frosinone vs Juventus | λ1.43/0.77 | 方向[让球主(+1.2) ⛔否决] | BEST[-无正EV-] 风险:纯数据无伤病情报,伤停>2人(主0/客5),小球2.50高EV反向标记(+43%),模型与市场分歧>20pp(模型94% vs 市场52%)->否决
08-24 00:30 意甲   Venezia vs Lecce | λ0.93/0.62 | 方向[小2.50 ⛔否决 ⚠预警30%] | BEST[-无正EV-] 风险:纯数据无伤病情报,平局预警(市场去水平局>=26%),平局预警→让球只用+号(受让方),模型与市场分歧>20pp(模型80% vs 市场56%)->否决
08-24 00:30 比甲   Club Brugge vs Cercle Brugge KSV | λ3.44/1.18 | 方向[大2.50 ] | BEST[让球主(-1.8) 62% EV+17.1% ★1] 风险:纯数据无伤病情报,λ过高(4.63)
08-24 00:30 soccer_germany_bundesliga_women Hamburger SV vs SC Freiburg | λ1.29/1.14 | 方向[小2.50 ] | BEST[-无正EV-] 风险:纯数据无伤病情报,非独立数据,队名/数据缺失,队名模糊匹配
08-24 00:30 希腊超  OFI Crete vs Volos FC | λ1.86/1.30 | 方向[大2.50  ⚠预警30%] | BEST[大2.50 61% EV+16.1% ★1] 风险:纯数据无伤病情报,平局预警-强(市场去水平局>=30%),平局预警→让球只用+号(受让方),整球盘2.50遇预警降星
08-24 01:00 意乙   Hellas Verona vs Ascoli | λ1.07/0.88 | 方向[让球客(+0.8) ] | BEST[-无正EV-] 风险:纯数据无伤病情报,非独立数据,队名/数据缺失,队名模糊匹配,小球2.50高EV反向标记(+25%)
08-24 01:00 意乙   Pisa vs Padova | λ1.20/1.10 | 方向[让球客(+0.8)  ⚠预警27%] | BEST[让球客(+0.8) 62% EV+17.4% ★1] 风险:纯数据无伤病情报,平局预警(市场去水平局>=26%),平局预警→让球只用+号(受让方),让球客标准档降星
08-24 01:00 葡超   Santa Clara vs Famalicão | λ1.01/0.69 | 方向[小2.50  ⚠预警33%] | BEST[让球主(+0.0) 59% EV+13.0% ★1] 风险:纯数据无伤病情报,平局预警-强(市场去水平局>=30%)
08-24 01:00 西乙   Sporting Gijón vs Burgos CF | λ1.41/0.77 | 方向[小2.50  ⚠预警32%] | BEST[-无正EV-] 风险:纯数据无伤病情报,平局预警-强(市场去水平局>=30%),平局预警→让球只用+号(受让方)
08-24 01:00 西乙   CD Castellón vs Sabadell FC | λ1.50/0.81 | 方向[让球客(+1.0) ] | BEST[让球客(+1.0) 60% EV+12.7% ★1] 风险:纯数据无伤病情报,小球2.50高EV反向标记(+20%),让球客标准档降星
08-24 01:00 俄超   Spartak Moscow vs Zenit St Petersburg | λ1.28/1.37 | 方向[让球客(-0.0)  ⚠预警28%] | BEST[-无正EV-] 风险:纯数据无伤病情报,非独立数据,队名/数据缺失,平局预警(市场去水平局>=26%)
08-24 01:30 西甲   Getafe vs Real Racing Club de Santander | λ0.89/0.82 | 方向[小2.50  ⚠预警33%] | BEST[让球客(+0.2) 65% EV+30.0% ★1] 风险:纯数据无伤病情报,伤停>2人(主4/客2),平局预警-强(市场去水平局>=30%),平局预警→让球只用+号(受让方)
08-24 01:45 阿甲   Barracas Central vs Platense | λ1.03/0.73 | 方向[小2.50  ⚠预警35%] | BEST[-无正EV-] 风险:纯数据无伤病情报,平局预警-强(市场去水平局>=30%)
08-24 01:45 阿甲   Sarmiento de Junin vs Estudiantes | λ1.85/0.72 | 方向[让球主(+0.2) ⛔否决 ⚠预警32%] | BEST[-无正EV-] 风险:纯数据无伤病情报,平局预警-强(市场去水平局>=30%),平局预警→让球只用+号(受让方),模型与市场分歧>20pp(模型87% vs 市场53%)->否决
08-24 02:00 希腊超  PAOK Thessaloniki vs Levadiakos | λ1.81/1.21 | 方向[让球客(+1.2) ⛔否决] | BEST[-无正EV-] 风险:纯数据无伤病情报,模型与市场分歧>20pp(模型71% vs 市场50%)->否决
08-24 02:15 波甲   Pogoń Szczecin vs Wisła Kraków | λ1.77/1.56 | 方向[大2.50  ⚠预警26%] | BEST[让球客(+0.2) 57% EV+13.2% ★1] 风险:纯数据无伤病情报,伤停>2人(主3/客0),平局预警(市场去水平局>=26%),平局预警→让球只用+号(受让方),让球客标准档降星
08-24 02:30 土超   Alanyaspor vs Besiktas JK | λ2.06/1.16 | 方向[让球主(+0.5) ⛔否决] | BEST[-无正EV-] 风险:纯数据无伤病情报,模型与市场分歧>20pp(模型79% vs 市场51%)->否决
08-24 02:30 土超   Goztepe vs Genclerbirligi SK | λ2.14/0.93 | 方向[大2.50  ⚠预警26%] | BEST[大2.50 59% EV+19.4% ★1] 风险:纯数据无伤病情报,伤停>2人(主4/客3),平局预警(市场去水平局>=26%),平局预警→让球只用+号(受让方),整球盘2.50遇预警降星
08-24 02:30 希腊超  Panetolikos Agrinio vs Asteras Tripolis | λ1.44/0.91 | 方向[让球主(+0.0)  ⚠预警31%] | BEST[让球主(+0.0) 63% EV+24.4% ★2] 风险:纯数据无伤病情报,平局预警-强(市场去水平局>=30%)
08-24 02:45 意甲   Torino vs AC Milan | λ1.04/0.80 | 方向[让球主(+0.5) ⛔否决 ⚠预警28%] | BEST[-无正EV-] 风险:纯数据无伤病情报,伤停>2人(主1/客7),平局预警(市场去水平局>=26%),平局预警→让球只用+号(受让方),小球2.50高EV反向标记(+27%),模型与市场分歧>20pp(模型74% vs 市场50%)->否决
08-24 02:45 意甲   Atalanta BC vs Sassuolo | λ1.52/0.95 | 方向[让球客(+1.0) ] | BEST[让球客(+1.0) 62% EV+24.4% ★2] 风险:纯数据无伤病情报,伤停>2人(主6/客8),小球2.50高EV反向标记(+26%)
08-24 02:45 法甲   Paris Saint Germain vs Rennes | λ3.10/0.87 | 方向[大2.50 ⛔否决] | BEST[-无正EV-] 风险:纯数据无伤病情报,盘口过期(距开赛101h>阈值12h)->否决
08-24 03:00 巴甲   Vitoria vs Bahia | λ2.10/0.50 | 方向[让球主(+0.0) ⛔否决 ⚠预警29%] | BEST[-无正EV-] 风险:纯数据无伤病情报,伤停>2人(主8/客4),平局预警(市场去水平局>=26%),模型与市场分歧>20pp(模型84% vs 市场52%)->否决
08-24 03:00 巴甲   Bragantino-SP vs Grêmio | λ1.80/0.33 | 方向[让球主(-0.8) ⛔否决] | BEST[-无正EV-] 风险:纯数据无伤病情报,伤停>2人(主5/客5),小球2.50高EV反向标记(+29%),模型与市场分歧>20pp(模型74% vs 市场53%)->否决
08-24 03:00 巴甲   Palmeiras vs Vasco da Gama | λ1.93/0.55 | 方向[让球主(-1.0) ] | BEST[让球主(-1.0) 57% EV+17.2% ★1] 风险:纯数据无伤病情报,伤停>2人(主6/客3)
08-24 03:00 意乙   Cesena FC vs Sampdoria | λ1.48/0.98 | 方向[让球主(+0.0)  ⚠预警30%] | BEST[让球主(+0.0) 62% EV+15.2% ★1] 风险:纯数据无伤病情报,队名模糊匹配,平局预警-强(市场去水平局>=30%)
08-24 03:00 意乙   Palermo vs Juve Stabia | λ2.39/0.51 | 方向[大2.50 ] | BEST[大2.50 56% EV+15.3% ★2] 风险:纯数据无伤病情报
08-24 03:00 智利甲  Universidad de Chile vs Colo Colo | λ1.54/0.69 | 方向[小2.50  ⚠预警26%] | BEST[小2.50 61% EV+20.7% ★1] 风险:纯数据无伤病情报,联赛基准偏差(λ已平移),小球校准折扣,平局预警(市场去水平局>=26%),平局预警→让球只用+号(受让方),小球2.50高EV反向标记(+21%),整球盘2.50遇预警降星
08-24 03:00 巴乙   Ponte Preta vs Avai | λ0.83/1.16 | 方向[让球主(+0.5)  ⚠预警29%] | BEST[让球主(+0.5) 56% EV+15.6% ★1] 风险:纯数据无伤病情报,平局预警(市场去水平局>=26%),平局预警→让球只用+号(受让方)
08-24 03:00 巴乙   São Bernardo vs Nautico PE | λ1.09/1.07 | 方向[让球客(+0.2)  ⚠预警30%] | BEST[让球客(+0.2) 64% EV+26.0% ★2] 风险:纯数据无伤病情报,平局预警(市场去水平局>=26%),平局预警→让球只用+号(受让方)
08-24 03:30 西甲   Elche CF vs Barcelona | λ1.12/1.82 | 方向[大2.50 ] | BEST[小2.50 44% EV+7.9% ★1] 风险:纯数据无伤病情报,伤停>2人(主3/客2)
08-24 03:30 葡超   FC Porto vs Arouca | λ1.86/1.18 | 方向[让球客(+1.5) ⛔否决] | BEST[-无正EV-] 风险:纯数据无伤病情报,伤停>2人(主7/客1),模型与市场分歧>20pp(模型70% vs 市场47%)->否决
08-24 03:30 西乙   Tenerife vs Almería | λ1.36/0.73 | 方向[大2.50  ⚠预警30%] | BEST[-无正EV-] 风险:纯数据无伤病情报,平局预警-强(市场去水平局>=30%),小球2.50高EV反向标记(+21%)
08-24 04:00 阿甲   Belgrano de Cordoba vs Defensa y Justicia | λ2.39/1.46 | 方向[大2.50 ⛔否决 ⚠预警29%] | BEST[-无正EV-] 风险:纯数据无伤病情报,队名模糊匹配,平局预警(市场去水平局>=26%),平局预警→让球只用+号(受让方),模型与市场分歧>20pp(模型74% vs 市场40%)->否决
08-24 04:30 美职   New England Revolution vs New York City FC | λ1.50/0.55 | 方向[让球客(+0.2)  ⚠预警26%] | BEST[-无正EV-] 风险:纯数据无伤病情报,伤停>2人(主4/客9),平局预警(市场去水平局>=26%),平局预警→让球只用+号(受让方),小球2.50高EV反向标记(+46%)
08-24 05:00 巴乙   Operario PR vs Vila Nova | λ1.69/0.92 | 方向[小2.50  ⚠预警31%] | BEST[大2.50 48% EV+9.4% ★1] 风险:纯数据无伤病情报,平局预警-强(市场去水平局>=30%),平局预警→让球只用+号(受让方),整球盘2.50遇预警降星
08-24 05:30 巴甲   Chapecoense vs Sao Paulo | λ1.46/1.58 | 方向[让球主(+0.5)  ⚠预警29%] | BEST[让球主(+0.5) 60% EV+8.6% ★1] 风险:纯数据无伤病情报,伤停>2人(主7/客5),平局预警(市场去水平局>=26%),平局预警→让球只用+号(受让方)
08-24 05:30 巴甲   Santos vs Mirassol | λ1.96/0.74 | 方向[大2.50  ⚠预警26%] | BEST[-无正EV-] 风险:纯数据无伤病情报,伤停>2人(主7/客4),平局预警(市场去水平局>=26%),平局预警→让球只用+号(受让方)
08-24 05:30 巴乙   Criciuma vs Fortaleza | λ1.19/0.63 | 方向[小2.50  ⚠预警30%] | BEST[-无正EV-] 风险:纯数据无伤病情报,平局预警-强(市场去水平局>=30%),平局预警→让球只用+号(受让方)
08-24 06:15 阿甲   River Plate vs Velez Sarsfield BA | λ1.60/0.87 | 方向[小2.50  ⚠预警28%] | BEST[-无正EV-] 风险:纯数据无伤病情报,平局预警(市场去水平局>=26%),平局预警→让球只用+号(受让方)
08-24 06:30 巴甲   Coritiba vs Corinthians | λ0.85/0.82 | 方向[小2.50  ⚠预警32%] | BEST[-无正EV-] 风险:纯数据无伤病情报,伤停>2人(主6/客12),平局预警-强(市场去水平局>=30%)
08-24 07:00 美职   Atlanta United FC vs Sporting Kansas City | λ3.13/0.71 | 方向[让球主(-0.8) ⛔否决] | BEST[-无正EV-] 风险:纯数据无伤病情报,伤停>2人(主3/客3),盘口过期(距开赛13h>阈值12h)->否决
08-24 07:00 墨超   Atlético San Luis vs Pachuca | λ1.45/0.80 | 方向[让球主(+0.2) ⛔否决 ⚠预警27%] | BEST[-无正EV-] 风险:纯数据无伤病情报,伤停>2人(主3/客1),平局预警(市场去水平局>=26%),平局预警→让球只用+号(受让方),小球2.50高EV反向标记(+26%),盘口过期(距开赛13h>阈值12h)->否决
08-24 07:00 智利甲  O'Higgins vs Palestino | λ1.42/0.83 | 方向[小2.50 ⛔否决 ⚠预警27%] | BEST[-无正EV-] 风险:纯数据无伤病情报,联赛基准偏差(λ已平移),小球校准折扣,平局预警(市场去水平局>=26%),平局预警→让球只用+号(受让方),盘口过期(距开赛14h>阈值12h)->否决
08-24 08:30 阿甲   Racing Club vs Boca Juniors | λ1.20/1.79 | 方向[大2.50 ⛔否决 ⚠预警33%] | BEST[-无正EV-] 风险:纯数据无伤病情报,伤停>2人(主5/客7),平局预警-强(市场去水平局>=30%),平局预警→让球只用+号(受让方),盘口过期(距开赛15h>阈值12h)->否决
08-24 09:00 墨超   Pumas vs Necaxa | λ2.16/1.06 | 方向[大2.50 ⛔否决] | BEST[-无正EV-] 风险:纯数据无伤病情报,盘口过期(距开赛15h>阈值12h)->否决

saved: analysis_records/scan24h_analysis_20260823_1824.json
可出best_bet: 48 / 100
硬否决: 28
