08-15 23:16 守护启动 key=1e6c4897... interval=20min max_rounds=40
08-15 23:16 第1轮: 待结算94 | 活跃联赛: ['比甲', '英乙', '英冠', '荷甲', '葡超', '西乙']
08-15 23:16   [比甲] 存档: D:\足球分析\analysis_records\paper_settle_20260815_2316.json
08-15 23:16   [英乙] 存档: D:\足球分析\analysis_records\paper_settle_20260815_2316.json
08-15 23:16   [英冠] 存档: D:\足球分析\analysis_records\paper_settle_20260815_2316.json
08-15 23:16   [荷甲] 存档: D:\足球分析\analysis_records\paper_settle_20260815_2316.json
08-15 23:16   [葡超] 存档: D:\足球分析\analysis_records\paper_settle_20260815_2316.json
08-15 23:16   [西乙] 存档: D:\足球分析\analysis_records\paper_settle_20260815_2316.json
08-15 23:18 守护启动 key=1e6c4897... interval=1min max_rounds=1
08-15 23:18 第1轮: 待结算94 | 全拉联赛 18 个 | key=1e6c4897
08-15 23:18   [中超] 存档: D:\足球分析\analysis_records\paper_settle_20260815_2318.json
08-15 23:18   [丹超] 存档: D:\足球分析\analysis_records\paper_settle_20260815_2318.json
08-15 23:19   [土超] 存档: D:\足球分析\analysis_records\paper_settle_20260815_2319.json
08-15 23:19   [墨超] 存档: D:\足球分析\analysis_records\paper_settle_20260815_2319.json
08-15 23:19   [巴甲] 存档: D:\足球分析\analysis_records\paper_settle_20260815_2319.json
08-15 23:19   [德乙] 存档: D:\足球分析\analysis_records\paper_settle_20260815_2319.json
08-15 23:19   [挪超] 存档: D:\足球分析\analysis_records\paper_settle_20260815_2319.json
08-15 23:19   [智利甲] 存档: D:\足球分析\analysis_records\paper_settle_20260815_2319.json
08-15 23:19   [比甲] 存档: D:\足球分析\analysis_records\paper_settle_20260815_2319.json
08-15 23:19   [瑞超] 存档: D:\足球分析\analysis_records\paper_settle_20260815_2319.json
08-15 23:19   [美职] 存档: D:\足球分析\analysis_records\paper_settle_20260815_2319.json
08-15 23:19   [英乙] 存档: D:\足球分析\analysis_records\paper_settle_20260815_2319.json
08-15 23:19   [英冠] 存档: D:\足球分析\analysis_records\paper_settle_20260815_2319.json
08-15 23:19   [荷甲] 存档: D:\足球分析\analysis_records\paper_settle_20260815_2319.json
08-15 23:19   [葡超] 存档: D:\足球分析\analysis_records\paper_settle_20260815_2319.json
08-15 23:19   [西乙] 存档: D:\足球分析\analysis_records\paper_settle_20260815_2319.json
08-15 23:19   [西甲] 存档: D:\足球分析\analysis_records\paper_settle_20260815_2319.json
08-15 23:19   [阿甲] 存档: D:\足球分析\analysis_records\paper_settle_20260815_2319.json
08-15 23:20 达到最大轮数, 仍有待结算, 人工补跑 paper_settle.py
08-15 23:20 守护启动 key=1e6c4897... interval=30min max_rounds=24
08-15 23:20 第1轮: 待结算92 | 全拉联赛 17 个 | key=1e6c4897
08-15 23:20   [丹超] 存档: D:\足球分析\analysis_records\paper_settle_20260815_2320.json
08-15 23:20   [土超] 存档: D:\足球分析\analysis_records\paper_settle_20260815_2320.json
08-15 23:20   [墨超] 存档: D:\足球分析\analysis_records\paper_settle_20260815_2320.json
08-15 23:20   [巴甲] 存档: D:\足球分析\analysis_records\paper_settle_20260815_2320.json
08-15 23:20   [德乙] 存档: D:\足球分析\analysis_records\paper_settle_20260815_2320.json
08-15 23:20   [挪超] 存档: D:\足球分析\analysis_records\paper_settle_20260815_2320.json
08-15 23:20   [智利甲] 存档: D:\足球分析\analysis_records\paper_settle_20260815_2320.json
08-15 23:20   [比甲] 存档: D:\足球分析\analysis_records\paper_settle_20260815_2320.json
08-15 23:20   [瑞超] 存档: D:\足球分析\analysis_records\paper_settle_20260815_2320.json
08-15 23:20   [美职] 存档: D:\足球分析\analysis_records\paper_settle_20260815_2320.json
08-15 23:21   [英乙] 存档: D:\足球分析\analysis_records\paper_settle_20260815_2321.json
08-15 23:21   [英冠] 存档: D:\足球分析\analysis_records\paper_settle_20260815_2321.json
08-15 23:21   [荷甲] 存档: D:\足球分析\analysis_records\paper_settle_20260815_2321.json
08-15 23:21   [葡超] 存档: D:\足球分析\analysis_records\paper_settle_20260815_2321.json
08-15 23:21   [西乙] 存档: D:\足球分析\analysis_records\paper_settle_20260815_2321.json
08-15 23:21   [西甲] 存档: D:\足球分析\analysis_records\paper_settle_20260815_2321.json
08-15 23:21   [阿甲] 存档: D:\足球分析\analysis_records\paper_settle_20260815_2321.json
08-15 23:51 第2轮: 待结算92 | 全拉联赛 17 个 | key=c98f90eb
08-15 23:53   [丹超] 异常 TimeoutExpired(['C:\\Program Files\\Python312\\python.exe', '-X', 'utf8', 'paper_settle.py', '--league', '丹超', '--key', 'c98f90eb0387aa29a908118227cbe7fb'], 120)
08-15 23:55   [土超] 异常 TimeoutExpired(['C:\\Program Files\\Python312\\python.exe', '-X', 'utf8', 'paper_settle.py', '--league', '土超', '--key', 'c98f90eb0387aa29a908118227cbe7fb'], 120)
08-15 23:57   [墨超] 异常 TimeoutExpired(['C:\\Program Files\\Python312\\python.exe', '-X', 'utf8', 'paper_settle.py', '--league', '墨超', '--key', 'c98f90eb0387aa29a908118227cbe7fb'], 120)
08-15 23:59   [巴甲] 异常 TimeoutExpired(['C:\\Program Files\\Python312\\python.exe', '-X', 'utf8', 'paper_settle.py', '--league', '巴甲', '--key', 'c98f90eb0387aa29a908118227cbe7fb'], 120)
08-16 00:01   [德乙] 异常 TimeoutExpired(['C:\\Program Files\\Python312\\python.exe', '-X', 'utf8', 'paper_settle.py', '--league', '德乙', '--key', 'c98f90eb0387aa29a908118227cbe7fb'], 120)
08-16 00:03   [挪超] 异常 TimeoutExpired(['C:\\Program Files\\Python312\\python.exe', '-X', 'utf8', 'paper_settle.py', '--league', '挪超', '--key', 'c98f90eb0387aa29a908118227cbe7fb'], 120)
08-16 00:06 守护启动 key=1e6c4897... interval=30min max_rounds=24
08-16 00:06 第1轮: 待结算86 | 全拉联赛 17 个 | key=1e6c4897 | 单进程全联赛结算
08-16 00:06   已结算 6 | 赢 3 / 半 0 / 走水 0 / 输 3
08-16 00:06   方向命中率(赢+半*0.5)/n: 50.0%
08-16 00:06   未输率(含走水): 50.0%
08-16 00:06   单注ROI: +48.0%
08-16 00:06   未完成/未匹配: 80 条(稍后重跑)
08-16 00:06   存档: D:\足球分析\analysis_records\paper_settle_20260816_0006.json
08-16 00:08 守护启动 key=1e6c4897... interval=30min max_rounds=24
08-16 00:08 第1轮: 待结算78 | 应拉联赛 3 个: 英乙,荷甲,葡超 | key=1e6c4897
08-16 00:08   
08-16 00:08   == 命中率汇总(方向) ==
08-16 00:08   已结算 0 | 赢 0 / 半 0 / 走水 0 / 输 0
08-16 00:08   未完成/未匹配: 12 条(稍后重跑)
08-16 00:08   存档: D:\足球分析\analysis_records\paper_settle_20260816_0008.json
